map
  size 640 480
  EXTENT 107.719790 -7.174544  107.820538 -7.047109
  UNITS DD
  imagetype png8
  imagecolor 225 225 225
  shapepath "../shp"
  FONTSET "../etc/fonts.txt"
  projection
    "init=epsg:4326"
  end
  debug on
  web
    imagepath "/var/www/html/tmp/"
    imageurl "/tmp/"
    metadata
      wms_title "Peta Kecamatan Ibun"
      wms_srs "EPSG:4326"
      wms_enable_request "*"
    end
  end
  outputformat
    name "png256"
    driver "AGG/PNG"
    imagemode "pc256"
    extension "png"
  end
  outputformat
    name "png"
    driver "AGG/PNG"
    imagemode "rgba"
    extension "png"
    mimetype "image/png"
    imagemode RGBA
  end
  outputformat
    name "png8"
    driver "AGG/PNG"
    imagemode "rgba"
    extension "png"
    mimetype "image/png"
    imagemode RGBA
    transparent ON
    formatoption "QUANTIZE_FORCE=ON"
    formatoption "QUANTIZE_DITHER=ON"
    formatoption "QUANTIZE_COLORS=250"
  end
  outputformat
    name "jpg"
    driver "AGG/JPEG"
    extension "jpg"
    formatoption "QUALITY=85"
  end

  layer #kelurahan layer
    name ibun
    group roads
    type POLYGON
    dump true 
    projection
      "init=epsg:4326"
    end
    #transparency alpha
    status on
    data "kelurahan_ibun"
    labelitem "kelurahan_d"
    classitem "kelurahan_d"
    class 
      expression "Kelurahan Cibeet"
      style
        color 76 153 0
      end
      label
        color  0 0 0
        outlinecolor 255 255 255
        font "sans"
        type truetype
        size 6
        position lc
        partials true
        mindistance 200
      end
    end
    class 
      expression "Kelurahan Dukuh"
      style
        color 255 255 0
      end
      label
        color  0 0 0
        outlinecolor 255 255 255
        font "sans"
        type truetype
        size 6
        position lc
        partials true
        mindistance 200
      end
    end
    class 
      expression "Kelurahan Ibun"
      style
        color 255 0 0
      end
      label
        color  0 0 0
        outlinecolor 255 255 255
        font "sans"
        type truetype
        size 6
        position lc
        partials true
        mindistance 200
      end
    end
    class 
      expression "Kelurahan Karyalaksana"
      style
        color 50 0 255
      end
      label
        color  0 0 0
        outlinecolor 255 255 255
        font "sans"
        type truetype
        size 6
        position lc
        partials true
        mindistance 200
      end
    end
    class 
      expression "Kelurahan Laksana"
      style
        color 255 153 153
      end
      label
        color  0 0 0
        outlinecolor 255 255 255
        font "sans"
        type truetype
        size 6
        position lc
        partials true
        mindistance 200
      end
    end
    class 
      expression "Kelurahan Lampegan"
      style
        color 0 204 204
      end
      label
        color  0 0 0
        outlinecolor 255 255 255
        font "sans"
        type truetype
        size 6
        position lc
        partials true
        mindistance 200
      end
    end
    class 
      expression "Kelurahan Mekarwangi"
      style
        color 255 0 255
      end
      label
        color  0 0 0
        outlinecolor 255 255 255
        font "sans"
        type truetype
        size 6
        position lc
        partials true
        mindistance 200
      end
    end
    class 
      expression "Kelurahan Neglasari"
      style
        color 204 204 0
      end
      label
        color  0 0 0
        outlinecolor 255 255 255
        font "sans"
        type truetype
        size 6
        position lc
        partials true
        mindistance 200
      end
    end
    class 
      expression "Kelurahan Pangguh"
      style
        color 255 100 0
      end
      label
        color  0 0 0
        outlinecolor 255 255 255
        font "sans"
        type truetype
        size 6
        position lc
        partials true
        mindistance 200
      end
    end
    class 
      expression "Kelurahan Sudi"
      style
        color 0 255 0
      end
      label
        color  0 0 0
        outlinecolor 255 255 255
        font "sans"
        type truetype
        size 6
        position lc
        partials true
        mindistance 200
      end
    end
    class 
      expression "Kelurahan Talun"
      style
        color 178 34 34
      end
      label
        color  0 0 0
        outlinecolor 255 255 255
        font "sans"
        type truetype
        size 6
        position lc
        partials true
        mindistance 200
      end
    end
    class 
      expression "Kelurahan Tanggalun"
      style
        color 0 250 154
      end
      label
        color  0 0 0
        outlinecolor 255 255 255
        font "sans"
        type truetype
        size 6
        position lc
        partials true
        mindistance 200
      end
    end
  end #layer kelurahan

  layer #kantor layer
    name ibun
    group roads
    type POINT
    dump true 
    projection
      "init=epsg:4326"
    end
    #transparency alpha
    status on
    data "kantor_desa_ibun"
    labelitem "kantor_desa"
    classitem "kantor_desa"
    class 
      expression "Kantor Desa Cibeet"
      style
        color 0 0 0
        size 10
        symbol "circle"
      end
      label
        color 0 0 0
        #outlinecolor 255 255 255
        font "sans"
        type truetype
        size 6
        position lc
        partials true
        mindistance 200
      end
    end
    class 
      expression "Kanto Desa Dukuh"
      style
        color 255 255 255
        size 10
        symbol "circle"
      end
      label
        color 0 0 0
        #outlinecolor 255 255 255
        font "sans"
        type truetype
        size 6
        position lc
        partials true
        mindistance 200
      end
    end
    class 
      expression "Kantor Desa Ibun"
      style
        color 0 0 0
        size 10
        symbol "circle"
      end
      label
        color 0 0 0
        #outlinecolor 255 255 255
        font "sans"
        type truetype
        size 6
        position lc
        partials true
        mindistance 200
      end
    end
    class 
      expression "Kantor Desa Karyalaksana"
      style
        color 0 0 0
        size 10
        symbol "circle"
      end
      label
        color 0 0 0
        #outlinecolor 255 255 255
        font "sans"
        type truetype
        size 6
        position lc
        partials true
        mindistance 200
      end
    end
    class 
      expression "Kantor Desa Laksana"
      style
        color 0 0 0
        size 10
        symbol "circle"
      end
      label
        color 0 0 0
        #outlinecolor 255 255 255
        font "sans"
        type truetype
        size 6
        position lc
        partials true
        mindistance 200
      end
    end
    class 
      expression "Kantor Desa Lampegan"
      style
        color 0 0 0
        size 10
        symbol "circle"
      end
      label
        color 0 0 0
        #outlinecolor 255 255 255
        font "sans"
        type truetype
        size 6
        position lc
        partials true
        mindistance 200
      end
    end
    class 
      expression "Kantor Desa Mekarwangi"
      style
        color 0 0 0
        size 10
        symbol "circle"
      end
      label
        color 0 0 0
        #outlinecolor 255 255 255
        font "sans"
        type truetype
        size 6
        position lc
        partials true
        mindistance 200
      end
    end
    class 
      expression "Kantor Desa Neglasari"
      style
        color 0 0 0
        size 10
        symbol "circle"
      end
      label
        color 0 0 0
        #outlinecolor 255 255 255
        font "sans"
        type truetype
        size 6
        position lc
        partials true
        mindistance 200
      end
    end
    class 
      expression "Kantor Desa Pangguh"
      style
        color 0 0 0
        size 10
        symbol "circle"
      end
      label
        color 0 0 0
        #outlinecolor 255 255 255
        font "sans"
        type truetype
        size 6
        position lc
        partials true
        mindistance 200
      end
    end
    class 
      expression "Kantor Desa Sudi"
      style
        color 0 0 0
        size 10
        symbol "circle"
      end
      label
        color 0 0 0
        #outlinecolor 255 255 255
        font "sans"
        type truetype
        size 6
        position lc
        partials true
        mindistance 200
      end
    end
    class 
      expression "Kantor Desa Talun"
      style
        color 0 0 0
        size 10
        symbol "circle"
      end
      label
        color 0 0 0
        #outlinecolor 255 255 255
        font "sans"
        type truetype
        size 6
        position lc
        partials true
        mindistance 200
      end
    end
    class 
      expression "Kantor Desa Tanggalun"
      style
        color 0 0 0
        size 10
        symbol "circle"
      end
      label
        color 0 0 0
        #outlinecolor 255 255 255
        font "sans"
        type truetype
        size 6
        position lc
        partials true
        mindistance 200
      end
    end
  end #layer kantor

  layer #jalan layer
    name ibun
    group roads
    type LINE
    dump true 
    projection
      "init=epsg:4326"
    end
    #transparency alpha
    status on
    data "jalan_ibun"
    labelitem "jalan_di_ib"
    classitem "jalan_di_ib"
    class 
      expression "Jalan Kelurahan Cibeet"
      style
        color 255 255 255
        size 1
      end
    end
    class 
      expression "Jalan Kelurahan Dukuh"
      style
        color 255 255 255
        size 1
      end
    end
    class 
      expression "Jalan Kelurahan Ibun"
      style
        color 255 255 255
        size 1
      end
    end
    class 
      expression "Jalan Kelurahan Karyalaksana"
      style
        color 255 255 255
        size 1
      end
    end
    class 
      expression "Jalan Kelurahan Laksana"
      style
        color 255 255 255
        size 1
      end
    end
    class 
      expression "Jalan Kelurahan Lampegan"
      style
        color 255 255 255
        size 1
      end
    end
    class 
      expression "Jalan Kelurahan Mekarwangi"
      style
        color 255 255 255
        size 1
      end
    end
    class 
      expression "Jalan Kelurahan Neglasari"
      style
        color 255 255 255
        size 1
      end
    end
    class 
      expression "Jalan Kelurahan Pangguh"
      style
        color 255 255 255
        size 1
      end
    end
    class 
      expression "Jalan Kelurahan Sudi"
      style
        color 255 255 255
        size 1
      end
    end
    class 
      expression "Jalan Kelurahan Talun"
      style
        color 255 255 255
        size 1
      end
    end
    class 
      expression "Jalan Kelurahan Tanggalun"
      style
        color 255 255 255
        size 1
      end
    end
  end #layer jalan

  symbol
    name "circle"
    type ellipse
    filled true
    points
      1 1
    end # POINTS
  end # SYMBOL


end #map