map
  size 640 480
  extent 107.603228 -6.920671 107.631965 -6.905646
  units DD
  imagetype png8
  imagecolor 225 225 225
  shapepath "../shp"
  fontset "../etc/fonts.txt"
  projection
    "init=epsg:4326"
  end
  debug on
  web
    imagepath "/var/www/html/tmp/"
    imageurl "/tmp/"
    metadata
      wms_title "Peta Kelurahan Sumur Bandung"
      wms_srs "EPSG:4326"
      wms_enable_request "*"
    end
  end
  outputformat
    name "png256"
    driver "AGG/PNG"
    imagemode "pc256"
    extension "png"
  end
  outputformat
    name "png"
    driver "AGG/PNG"
    imagemode "rgba"
    extension "png"
    mimetype "image/png"
    imagemode RGBA
  end
  outputformat
    name "png8"
    driver "AGG/PNG"
    imagemode "rgba"
    extension "png"
    mimetype "image/png"
    imagemode RGBA
    transparent ON
    formatoption "QUANTIZE_FORCE=ON"
    formatoption "QUANTIZE_DITHER=ON"
    formatoption "QUANTIZE_COLORS=250"
  end
  outputformat
    name "jpg"
    driver "AGG/JPEG"
    extension "jpg"
    formatoption "QUALITY=85"
  end

  layer #kelurahan layer
    name sumurbandung
    group roads
    type POLYGON
    dump true 
    projection
      "init=epsg:4326"
    end
    #transparency alpha
    status on
    data "kelurahan_sumur_bandung"
    labelitem "kelurahan_d"
    classitem "kelurahan_d"
    class 
      expression "Kelurahan Babakan Ciamis"
      style
        color 103 146 103
      end
      label
        color 153 51 102 
        #outlinecolor 255 255 255
        font "sans"
        type truetype
        size 6
        position lc
        partials true
        mindistance 200
      end
    end
    class 
      expression "Kelurahan Braga"
      style
        color 164 222 2
      end
      label
        color 153 51 102 
        #outlinecolor 255 255 255
        font "sans"
        type truetype
        size 6
        position lc
        partials true
        mindistance 200
      end
    end
    class 
      expression "Kelurahan Kebon Pisang"
      style
        color 118 186 27
      end
      label
        color 153 51 102 
        #outlinecolor 255 255 255
        font "sans"
        type truetype
        size 6
        position lc
        partials true
        mindistance 200
      end
    end
    class 
      expression "Kelurahan Merdeka"
      style
        color 172 223 135
      end
      label
        color 153 51 102 
        #outlinecolor 255 255 255
        font "sans"
        type truetype
        size 6
        position lc
        partials true
        mindistance 200
      end
    end
  end #layer kelurahan

  layer #kantor layer
    name sumurbandung
    group roads
    type POINT
    dump true 
    projection
      "init=epsg:4326"
    end
    #transparency alpha
    status on
    data "kantor_kelurahan_sumur_bandung"
    labelitem "kantor_kelu"
    classitem "kantor_kelu"
    class 
      expression "Kantor Kelurahan Babakan Ciamis"
      style
        color 0 0 255
        size 10
        symbol "circle"
      end
      label
        color 255 0 0
        #outlinecolor 255 255 255
        font "sans"
        type truetype
        size 6
        position lc
        partials true
        mindistance 200
      end
    end
    class 
      expression "Kantor Kelurahan Braga"
      style
        color 255 255 255
        size 10
        symbol "circle"
      end
      label
        color 255 0 0
        #outlinecolor 255 255 255
        font "sans"
        type truetype
        size 6
        position lc
        partials true
        mindistance 200
      end
    end
    class 
      expression "Kantor Kelurahan Kebon Pisang"
      style
        color 255 255 255
        size 10
        symbol "circle"
      end
      label
        color 255 0 0
        #outlinecolor 255 255 255
        font "sans"
        type truetype
        size 6
        position lc
        partials true
        mindistance 200
      end
    end
    class 
      expression "Kantor Kelurahan Merdeka"
      style
        color 255 255 255
        size 10
        symbol "circle"
      end
      label
        color 255 0 0
        #outlinecolor 255 255 255
        font "sans"
        type truetype
        size 6
        position lc
        partials true
        mindistance 200
      end
    end
  end #layer kantor

  layer #jalan layer
    name sumurbandung
    group roads
    type LINE
    dump true 
    projection
      "init=epsg:4326"
    end
    #transparency alpha
    status on
    data "jalan_sumur_bandung"
    labelitem "jalan_di_su"
    classitem "jalan_di_su"
    class 
      expression "Jalan Naripan"
      style
        color 255 255 255
        size 1
      end
    end
    class 
      expression "Jalan Benceuy"
      style
        color 255 255 255
        size 1
      end
    end
    class 
      expression "Jalan Panaitan"
      style
        color 255 255 255
        size 1
      end
    end
    class 
      expression "Jalan Cibunut"
      style
        color 255 255 255
        size 1
      end
    end
    class 
      expression "Jalan Kosambi"
      style
        color 255 255 255
        size 1
      end
    end
    class 
      expression "Jalan Alani"
      style
        color 255 255 255
        size 1
      end
    end
    class 
      expression "Jalan Natuna"
      style
        color 255 255 255
        size 1
      end
    end
    class 
      expression "Jalan Rakata"
      style
        color 255 255 255
        size 1
      end
    end
    class 
      expression "Jalan Buton"
      style
        color 255 255 255
        size 1
      end
    end
    class 
      expression "Jalan Van Deventer"
      style
        color 255 255 255
        size 1
      end
    end
    class 
      expression "Jalan Vijaya Kusuma"
      style
        color 255 255 255
        size 1
      end
    end
    class 
      expression "Jalan Ayam Penyet"
      style
        color 255 255 255
        size 1
      end
    end
    class 
      expression "Jalan Baranang Siang"
      style
        color 255 255 255
        size 1
      end
    end
    class 
      expression "Jalan Kartini"
      style
        color 255 255 255
        size 1
      end
    end
    class 
      expression "Jalan Putra Komala Dalam"
      style
        color 255 255 255
        size 1
      end
    end
    class 
      expression "Jalan Sumarsana"
      style
        color 255 255 255
        size 1
      end
    end
    class 
      expression "Jalan Srigading"
      style
        color 255 255 255
        size 1
      end
    end
    class 
      expression "Jalan Sumarsono"
      style
        color 255 255 255
        size 1
      end
    end
    class 
      expression "Jalan Dahlia"
      style
        color 255 255 255
        size 1
      end
    end
    class 
      expression "Jalan Pudak"
      style
        color 255 255 255
        size 1
      end
    end
    class 
      expression "Jalan Culan"
      style
        color 255 255 255
        size 1
      end
    end
    class 
      expression "Jalan Tongkeng2"
      style
        color 255 255 255
        size 1
      end
    end
    class 
      expression "Jalan Potrakomala"
      style
        color 255 255 255
        size 1
      end
    end
    class 
      expression "Jalan Anggrek"
      style
        color 255 255 255
        size 1
      end
    end
    class 
      expression "Jalan Kamuning"
      style
        color 255 255 255
        size 1
      end
    end
    class 
      expression "Jalan Soka"
      style
        color 255 255 255
        size 1
      end
    end
    class 
      expression "Jalan Ganda Pura"
      style
        color 255 255 255
        size 1
      end
    end
    class 
      expression "Jalan Tongkeng"
      style
        color 255 255 255
        size 1
      end
    end
    class 
      expression "Jalan Menado"
      style
        color 255 255 255
        size 1
      end
    end
    class 
      expression "Jalan Ermawar"
      style
        color 255 255 255
        size 1
      end
    end
    class 
      expression "Jalan Bangka"
      style
        color 255 255 255
        size 1
      end
    end
    class 
      expression "Jalan Gudang Selatan"
      style
        color 255 255 255
        size 1
      end
    end
    class 
      expression "Jalan Bali"
      style
        color 255 255 255
        size 1
      end
    end
    class 
      expression "Jalan Gudang Utara"
      style
        color 255 255 255
        size 1
      end
    end
    class 
      expression "Jalan Belitung"
      style
        color 255 255 255
        size 1
      end
    end
    class 
      expression "Jalan Banda"
      style
        color 255 255 255
        size 1
      end
    end
    class 
      expression "Jalan Lombok"
      style
        color 255 255 255
        size 1
      end
    end
    class 
      expression "Jalan Bawean"
      style
        color 255 255 255
        size 1
      end
    end
    class 
      expression "Jalan Tembus"
      style
        color 255 255 255
        size 1
      end
    end
    class 
      expression "Jalan Kenari"
      style
        color 255 255 255
        size 1
      end
    end
    class 
      expression "Jalan Jawa"
      style
        color 255 255 255
        size 1
      end
    end
    class 
      expression "Jalan Kalimantan"
      style
        color 255 255 255
        size 1
      end
    end
    class 
      expression "Jalan Labas"
      style
        color 255 255 255
        size 1
      end
    end
    class 
      expression "Jalan Purnawarman"
      style
        color 255 255 255
        size 1
      end
    end
    class 
      expression "Jalan Segitiga"
      style
        color 255 255 255
        size 1
      end
    end
    class 
      expression "Jalan Sukamulya"
      style
        color 255 255 255
        size 1
      end
    end
    class 
      expression "Jalan KB Jukut"
      style
        color 255 255 255
        size 1
      end
    end
    class 
      expression "Jalan Gang H Rapli"
      style
        color 255 255 255
        size 1
      end
    end
    class 
      expression "Jalan Kebon Sirih"
      style
        color 255 255 255
        size 1
      end
    end
    class 
      expression "Jalan Jalan"
      style
        color 255 255 255
        size 1
      end
    end
    class 
      expression "Jalan Sunda"
      style
        color 255 255 255
        size 1
      end
    end
    class 
      expression "Jalan Sumbawa"
      style
        color 255 255 255
        size 1
      end
    end
    class 
      expression "Jalan Aceh"
      style
        color 255 255 255
        size 1
      end
    end
    class 
      expression "Jalan Babakan Ciamis"
      style
        color 255 255 255
        size 1
      end
    end
    class 
      expression "Jalan Braga"
      style
        color 255 255 255
        size 1
      end
    end
    class 
      expression "Jalan Merdeka"
      style
        color 255 255 255
        size 1
      end
    end
    class 
      expression "Jalan Lembong"
      style
        color 255 255 255
        size 1
      end
    end
    class 
      expression "Jalan Veteran"
      style
        color 255 255 255
        size 1
      end
    end
    class 
      expression "Jalan Belakang Factory"
      style
        color 255 255 255
        size 1
      end
    end
    class 
      expression "Jalan Kejaksaan"
      style
        color 255 255 255
        size 1
      end
    end
    class 
      expression "Jalan Saad"
      style
        color 255 255 255
        size 1
      end
    end
    class 
      expression "Jalan Embong"
      style
        color 255 255 255
        size 1
      end
    end
    class 
      expression "Jalan Gang Alani"
      style
        color 255 255 255
        size 1
      end
    end
    class 
      expression "Jalan ABC"
      style
        color 255 255 255
        size 1
      end
    end
  end #layer jalan

  symbol
    name "circle"
    type ellipse
    filled true
    points
      1 1
    end # POINTS
  end # SYMBOL

end #map