map
  size 640 480
  EXTENT 107.603730 -7.317758  107.745522 -7.142693
  UNITS DD
  imagetype png8
  imagecolor 225 225 225
  shapepath "../shp"
  FONTSET "../etc/fonts.txt"
  projection
    "init=epsg:4326"
  end
  debug on
  web
    imagepath "/var/www/html/tmp/"
    imageurl "/tmp/"
    metadata
      wms_title "Peta Kecamatan Kertasari"
      wms_srs "EPSG:4326"
      wms_enable_request "*"
    end
  end
  outputformat
    name "png256"
    driver "AGG/PNG"
    imagemode "pc256"
    extension "png"
  end
  outputformat
    name "png"
    driver "AGG/PNG"
    imagemode "rgba"
    extension "png"
    mimetype "image/png"
    imagemode RGBA
  end
  outputformat
    name "png8"
    driver "AGG/PNG"
    imagemode "rgba"
    extension "png"
    mimetype "image/png"
    imagemode RGBA
    transparent ON
    formatoption "QUANTIZE_FORCE=ON"
    formatoption "QUANTIZE_DITHER=ON"
    formatoption "QUANTIZE_COLORS=250"
  end
  outputformat
    name "jpg"
    driver "AGG/JPEG"
    extension "jpg"
    formatoption "QUALITY=85"
  end

  layer #kelurahan layer
    name kertasari
    group roads
    type POLYGON
    dump true 
    projection
      "init=epsg:4326"
    end
    #transparency alpha
    status on
    data "kelurahan_kertasari"
    labelitem "kelurahan_d"
    classitem "kelurahan_d"
    class 
      expression "Kelurahan Cikembang"
      style
        color 76 153 0
      end
      label
        color  0 0 0
        outlinecolor 255 255 255
        font "sans"
        type truetype
        size 6
        position lc
        partials true
        mindistance 200
      end
    end
    class 
      expression "Kelurahan Neglawangi"
      style
        color 255 255 0
      end
      label
        color  0 0 0
        outlinecolor 255 255 255
        font "sans"
        type truetype
        size 6
        position lc
        partials true
        mindistance 200
      end
    end
    class 
      expression "Kelurahan Cibeureum"
      style
        color 255 0 0
      end
      label
        color  0 0 0
        outlinecolor 255 255 255
        font "sans"
        type truetype
        size 6
        position lc
        partials true
        mindistance 200
      end
    end
    class 
      expression "Kelurahan Cihawuk"
      style
        color 50 0 255
      end
      label
        color  0 0 0
        outlinecolor 255 255 255
        font "sans"
        type truetype
        size 6
        position lc
        partials true
        mindistance 200
      end
    end
    class 
      expression "Kelurahan Tarumajaya"
      style
        color 255 153 153
      end
      label
        color  0 0 0
        outlinecolor 255 255 255
        font "sans"
        type truetype
        size 6
        position lc
        partials true
        mindistance 200
      end
    end
    class 
      expression "Kelurahan Santosa"
      style
        color 0 204 204
      end
      label
        color  0 0 0
        outlinecolor 255 255 255
        font "sans"
        type truetype
        size 6
        position lc
        partials true
        mindistance 200
      end
    end
    class 
      expression "Kelurahan Sukapura"
      style
        color 255 0 255
      end
      label
        color  0 0 0
        outlinecolor 255 255 255
        font "sans"
        type truetype
        size 6
        position lc
        partials true
        mindistance 200
      end
    end
  end #layer kelurahan

  layer #kantor layer
    name kertasari
    group roads
    type POINT
    dump true 
    projection
      "init=epsg:4326"
    end
    #transparency alpha
    status on
    data "kantor_kelurahan_kertasari"
    labelitem "kantor_kelu"
    classitem "kantor_kelu"
    class 
      expression "Kantor Kelurahan Cibeureum"
      style
        color 0 0 0
        size 10
        symbol "circle"
      end
      label
        color 0 0 0
        #outlinecolor 255 255 255
        font "sans"
        type truetype
        size 6
        position lc
        partials true
        mindistance 200
      end
    end
    class 
      expression "Kanto Kelurahan Cihawuk"
      style
        color 255 255 255
        size 10
        symbol "circle"
      end
      label
        color 0 0 0
        #outlinecolor 255 255 255
        font "sans"
        type truetype
        size 6
        position lc
        partials true
        mindistance 200
      end
    end
    class 
      expression "Kantor Kelurahan Cikembang"
      style
        color 0 0 0
        size 10
        symbol "circle"
      end
      label
        color 0 0 0
        #outlinecolor 255 255 255
        font "sans"
        type truetype
        size 6
        position lc
        partials true
        mindistance 200
      end
    end
    class 
      expression "Kantor Kelurahan Neglawangi"
      style
        color 0 0 0
        size 10
        symbol "circle"
      end
      label
        color 0 0 0
        #outlinecolor 255 255 255
        font "sans"
        type truetype
        size 6
        position lc
        partials true
        mindistance 200
      end
    end
    class 
      expression "Kantor Kelurahan Santosa"
      style
        color 0 0 0
        size 10
        symbol "circle"
      end
      label
        color 0 0 0
        #outlinecolor 255 255 255
        font "sans"
        type truetype
        size 6
        position lc
        partials true
        mindistance 200
      end
    end
    class 
      expression "Kantor Kelurahan Sukapura"
      style
        color 0 0 0
        size 10
        symbol "circle"
      end
      label
        color 0 0 0
        #outlinecolor 255 255 255
        font "sans"
        type truetype
        size 6
        position lc
        partials true
        mindistance 200
      end
    end
    class 
      expression "Kantor Kelurahan Tarumajaya"
      style
        color 0 0 0
        size 10
        symbol "circle"
      end
      label
        color 0 0 0
        #outlinecolor 255 255 255
        font "sans"
        type truetype
        size 6
        position lc
        partials true
        mindistance 200
      end
    end
  end #layer kantor

  layer #jalan layer
    name kertasari
    group roads
    type LINE
    dump true 
    projection
      "init=epsg:4326"
    end
    #transparency alpha
    status on
    data "jalan_kertasari"
    labelitem "jalan_di_ke"
    classitem "jalan_di_ke"
    class 
      expression "Jalan Kelurahan Cikembang"
      style
        color 255 255 255
        size 1
      end
    end
    class 
      expression "Jalan Kelurahan Santosa"
      style
        color 255 255 255
        size 1
      end
    end
    class 
      expression "Jalan Kelurahan Neglawangi"
      style
        color 255 255 255
        size 1
      end
    end
    class 
      expression "Jalan Kelurahan Cibeureum"
      style
        color 255 255 255
        size 1
      end
    end
    class 
      expression "Jalan Kelurahan Sukapura"
      style
        color 255 255 255
        size 1
      end
    end
    class 
      expression "Jalan Kelurahan Cihawuk"
      style
        color 255 255 255
        size 1
      end
    end
    class 
      expression "Jalan Kelurahan Tarumajaya"
      style
        color 255 255 255
        size 1
      end
    end
  end #layer jalan

  symbol
    name "circle"
    type ellipse
    filled true
    points
      1 1
    end # POINTS
  end # SYMBOL


end #map