map
  size 640 480
  EXTENT  107.534220 -7.001982 107.595728 -6.951224
  UNITS DD
  imagetype png8
  imagecolor 225 225 225
  shapepath "../shp"
  FONTSET "../etc/fonts.txt"
  projection
    "init=epsg:4326"
  end
  debug on
  web
    imagepath "/var/www/html/tmp/"
    imageurl "/tmp/"
    metadata
      wms_title "Peta Kecamatan Margahayu"
      wms_srs "EPSG:4326"
      wms_enable_request "*"
    end
  end
  outputformat
    name "png256"
    driver "AGG/PNG"
    imagemode "pc256"
    extension "png"
  end
  outputformat
    name "png"
    driver "AGG/PNG"
    imagemode "rgba"
    extension "png"
    mimetype "image/png"
    imagemode RGBA
  end
  outputformat
    name "png8"
    driver "AGG/PNG"
    imagemode "rgba"
    extension "png"
    mimetype "image/png"
    imagemode RGBA
    transparent ON
    formatoption "QUANTIZE_FORCE=ON"
    formatoption "QUANTIZE_DITHER=ON"
    formatoption "QUANTIZE_COLORS=250"
  end
  outputformat
    name "jpg"
    driver "AGG/JPEG"
    extension "jpg"
    formatoption "QUALITY=85"
  end

  layer #kelurahan layer
    name margahayu
    group roads
    type POLYGON
    dump true 
    projection
      "init=epsg:4326"
    end
    #transparency alpha
    status on
    data "kecamatan_margahayu"
    labelitem "desa_di_mar"
    classitem "desa_di_mar"
    class 
      expression "desaSukamenak"
      style
        color 76 153 0
      end
      label
        color  0 0 0
        outlinecolor 255 255 255
        font "sans"
        type truetype
        size 6
        position lc
        partials true
        mindistance 200
      end
    end
    class 
      expression "desaMargahayuSelatan"
      style
        color 255 255 0
      end
      label
        color  0 0 0
        outlinecolor 255 255 255
        font "sans"
        type truetype
        size 6
        position lc
        partials true
        mindistance 200
      end
    end
    class 
      expression "desaMargahayuTengah"
      style
        color 255 0 0
      end
      label
        color  0 0 0
        outlinecolor 255 255 255
        font "sans"
        type truetype
        size 6
        position lc
        partials true
        mindistance 200
      end
    end
    class 
      expression "desaSulaeman"
      style
        color 50 0 255
      end
      label
        color  0 0 0
        outlinecolor 255 255 255
        font "sans"
        type truetype
        size 6
        position lc
        partials true
        mindistance 200
      end
    end
    class 
      expression "desaSayati"
      style
        color 255 153 153
      end
      label
        color  0 0 0
        outlinecolor 255 255 255
        font "sans"
        type truetype
        size 6
        position lc
        partials true
        mindistance 200
      end
    end
   
  end #layer kelurahan

  layer #kantor layer
    name margahayu
    group roads
    type POINT
    dump true 
    projection
      "init=epsg:4326"
    end
    #transparency alpha
    status on
    data "kantor_desa_margahayu"
    labelitem "kantor_desa"
    classitem "kantor_desa"
    class 
      expression "kantorDesaSukamenak"
      style
        color 0 0 0
        size 10
        symbol "circle"
      end
      label
        color 0 0 0
        #outlinecolor 255 255 255
        font "sans"
        type truetype
        size 6
        position lc
        partials true
        mindistance 200
      end
    end
    class 
      expression "kantorDesaMargahayuSelatan"
      style
        color 255 255 255
        size 10
        symbol "circle"
      end
      label
        color 0 0 0
        #outlinecolor 255 255 255
        font "sans"
        type truetype
        size 6
        position lc
        partials true
        mindistance 200
      end
    end
    class 
      expression "kantorDesaMargahayuTengah"
      style
        color 0 0 0
        size 10
        symbol "circle"
      end
      label
        color 0 0 0
        #outlinecolor 255 255 255
        font "sans"
        type truetype
        size 6
        position lc
        partials true
        mindistance 200
      end
    end
    class 
      expression "kantorKelurahanSulaiman"
      style
        color 0 0 0
        size 10
        symbol "circle"
      end
      label
        color 0 0 0
        #outlinecolor 255 255 255
        font "sans"
        type truetype
        size 6
        position lc
        partials true
        mindistance 200
      end
    end
    class 
      expression "kantorDesaSayati"
      style
        color 0 0 0
        size 10
        symbol "circle"
      end
      label
        color 0 0 0
        #outlinecolor 255 255 255
        font "sans"
        type truetype
        size 6
        position lc
        partials true
        mindistance 200
      end
    end
    
  end #layer kantor

  layer #jalan layer
    name margahayu
    group roads
    type LINE
    dump true 
    projection
      "init=epsg:4326"
    end
    #transparency alpha
    status on
    data "jalan_raya_margahayu"
    labelitem "jalan_raya_"
    classitem "jalan_raya_"
    class 
      expression "kantorDesaMargahayuTengah"
      style
        color 255 255 255
        size 1
      end
    end
    class 
      expression "kantorDesaMargahayuSelatan"
      style
        color 255 255 255
        size 1
      end
    end
    class 
      expression "kantorDesaMargahayuTengah"
      style
        color 255 255 255
        size 1
      end
    end
    class 
      expression "kantorDesaMargahayuTengah"
      style
        color 255 255 255
        size 1
      end
    end
    
  end #layer jalan

  symbol
    name "circle"
    type ellipse
    filled true
    points
      1 1
    end # POINTS
  end # SYMBOL


end #map