map
  size 640 480
  extent 107.558502 -6.919119 107.606482 -6.890830
  units DD
  imagetype png8
  imagecolor 225 225 225
  shapepath "../shp"
  fontset "../etc/fonts.txt"
  projection
    "init=epsg:4326"
  end
  debug on
  web
    imagepath "/var/www/html/tmp/"
    imageurl "/tmp/"
    metadata
      wms_title "Peta Kelurahan Sukajadi"
      wms_srs "EPSG:4326"
      wms_enable_request "*"
    end
  end
  outputformat
    name "png256"
    driver "AGG/PNG"
    imagemode "pc256"
    extension "png"
  end
  outputformat
    name "png"
    driver "AGG/PNG"
    imagemode "rgba"
    extension "png"
    mimetype "image/png"
    imagemode RGBA
  end
  outputformat
    name "png8"
    driver "AGG/PNG"
    imagemode "rgba"
    extension "png"
    mimetype "image/png"
    imagemode RGBA
    transparent ON
    formatoption "QUANTIZE_FORCE=ON"
    formatoption "QUANTIZE_DITHER=ON"
    formatoption "QUANTIZE_COLORS=250"
  end
  outputformat
    name "jpg"
    driver "AGG/JPEG"
    extension "jpg"
    formatoption "QUALITY=85"
  end

  layer #kelurahan layer
    name sukajadi
    group roads
    type POLYGON
    dump true 
    projection
      "init=epsg:4326"
    end
    #transparency alpha
    status on
    data "kelurahan_sukajadi"
    labelitem "kelurahan_d"
    classitem "kelurahan_d"
    class 
      expression "Kelurahan Sukawarna"
      style
        color 103 146 103
      end
      label
        color 153 51 102 
        #outlinecolor 255 255 255
        font "sans"
        type truetype
        size 6
        position lc
        partials true
        mindistance 200
      end
    end
    class 
      expression "Kelurahan Cipedes"
      style
        color 164 222 2
      end
      label
        color 153 51 102 
        #outlinecolor 255 255 255
        font "sans"
        type truetype
        size 6
        position lc
        partials true
        mindistance 200
      end
    end
    class 
      expression "Kelurahan Pasteur"
      style
        color 118 186 27
      end
      label
        color 153 51 102 
        #outlinecolor 255 255 255
        font "sans"
        type truetype
        size 6
        position lc
        partials true
        mindistance 200
      end
    end
    class 
      expression "Kelurahan Sukagalih"
      style
        color 172 223 135
      end
      label
        color 153 51 102 
        #outlinecolor 255 255 255
        font "sans"
        type truetype
        size 6
        position lc
        partials true
        mindistance 200
      end
    end
    class 
      expression "Kelurahan Sukabungah"
      style
        color 76 154 42
      end
      label
        color 153 51 102 
        #outlinecolor 255 255 255
        font "sans"
        type truetype
        size 6
        position lc
        partials true
        mindistance 200
      end
    end
  end #layer kelurahan

  layer #kantor layer
    name sukajadi
    group roads
    type POINT
    dump true 
    projection
      "init=epsg:4326"
    end
    #transparency alpha
    status on
    data "kantor_pemerintahan_sukajadi"
    labelitem "kantor_peme"
    classitem "kantor_peme"
    class 
      expression "Kantor Kecamatan Sukajadi"
      style
        color 255 255 255
        size 10
        symbol "circle"
      end
      label
        color 255 0 0
        #outlinecolor 255 255 255
        font "sans"
        type truetype
        size 6
        position lc
        partials true
        mindistance 200
      end
    end
    class 
      expression "Kantor Kelurahan Sukawarna"
      style
        color 255 255 255
        size 10
        symbol "circle"
      end
      label
        color 255 0 0
        #outlinecolor 255 255 255
        font "sans"
        type truetype
        size 6
        position lc
        partials true
        mindistance 200
      end
    end
    class 
      expression "Kantor Kelurahan Cipedes"
      style
        color 255 255 255
        size 10
        symbol "circle"
      end
      label
        color 255 0 0
        #outlinecolor 255 255 255
        font "sans"
        type truetype
        size 6
        position lc
        partials true
        mindistance 200
      end
    end
    class 
      expression "Kantor Kelurahan Pasteur"
      style
        color 255 255 255
        size 10
        symbol "circle"
      end
      label
        color 255 0 0
        #outlinecolor 255 255 255
        font "sans"
        type truetype
        size 6
        position lc
        partials true
        mindistance 200
      end
    end
    class 
      expression "Kantor Kelurahan Sukagalih"
      style
        color 255 255 255
        size 10
        symbol "circle"
      end
      label
        color 255 0 0
        #outlinecolor 255 255 255
        font "sans"
        type truetype
        size 6
        position lc
        partials true
        mindistance 200
      end
    end
    class 
      expression "Kantor Kelurahan Sukabungah"
      style
        color 255 255 255
        size 10
        symbol "circle"
      end
      label
        color 255 0 0
        #outlinecolor 255 255 255
        font "sans"
        type truetype
        size 6
        position lc
        partials true
        mindistance 200
      end
    end
  end #layer kantor

  layer #jalan layer
    name sukajadi
    group roads
    type LINE
    dump true 
    projection
      "init=epsg:4326"
    end
    #transparency alpha
    status on
    data "jalan_sukajadi"
    labelitem "jalan_di_su"
    classitem "jalan_di_an"
    class 
      expression "Jalan Kelurahan Pasteur"
      style
        color 255 255 255
        size 1
      end
    end
    class 
      expression "Jalan Kelurahan Cipedes"
      style
        color 255 255 255
        size 1
      end
    end
    class 
      expression "Jalan Kelurahan Sukabungah"
      style
        color 255 255 255
        size 1
      end
    end
    class 
      expression "Jalan Kelurahan Sukagalih"
      style
        color 255 255 255
        size 1
      end
    end
    class 
      expression "Jalan Kelurahan Sukawarna"
      style
        color 255 255 255
        size 1
      end
    end
  end #layer jalan

  symbol
    name "circle"
    type ellipse
    filled true
    points
      1 1
    end # POINTS
  end # SYMBOL

end #map