map
  size 640 480
  EXTENT 107.6723 -6.90835 107.77616 -6.80234
  UNITS DD
  imagetype png8
  imagecolor 225 225 225
  shapepath "../shp"
  #fontset "../common/fonts/msfontset.txt"
  FONTSET "../etc/fonts.txt"
  projection
    "init=epsg:4326"
  end
  debug on
  web
    imagepath "/var/www/html/tmp/"
    imageurl "/tmp/"
    metadata
      wms_title "Peta Kecamatan Cilengkrang"
      wms_srs "EPSG:4326"
      wms_enable_request "*"
    end
  end
  outputformat
    name "png256"
    driver "AGG/PNG"
    imagemode "pc256"
    extension "png"
  end
  outputformat
    name "png"
    driver "AGG/PNG"
    imagemode "rgba"
    extension "png"
    mimetype "image/png"
    imagemode RGBA
  end
  outputformat
    name "png8"
    driver "AGG/PNG"
    imagemode "rgba"
    extension "png"
    mimetype "image/png"
    imagemode RGBA
    transparent ON
    formatoption "QUANTIZE_FORCE=ON"
    formatoption "QUANTIZE_DITHER=ON"
    formatoption "QUANTIZE_COLORS=250"
  end
  outputformat
    name "jpg"
    driver "AGG/JPEG"
    extension "jpg"
    formatoption "QUALITY=85"
  end

  layer #desa layer
    name cilengkrang
    group roads
    type POLYGON
    dump true 
    projection
      "init=epsg:4326"
    end
    #transparency alpha
    status on
    data "kelurahan_ cilengkrang"
    labelitem "kelurahan_d"
    classitem "kelurahan_d"
    class 
      expression "Kelurahan melatiwangi"
      style
        color 153 255 153
      end
      label
        color  0 0 0
        outlinecolor 255 255 255
        font "sans"
        type truetype
        size 6
        position lc
        partials true
        mindistance 200
      end
    end
    class 
    expression "Kelurahan ciporeat"
      style
        color 204 255 204
      end
      label
        color  0 0 0
        outlinecolor 255 255 255
        font "sans"
        type truetype
        size 6
        position lc
        partials true
        mindistance 200
      end
    end
    class 
      expression "Kelurahan jatiendah"
      style
        color 229 255 204
      end
      label
        color  0 0 0
        outlinecolor 255 255 255
        font "sans"
        type truetype
        size 6
        position lc
        partials true
        mindistance 200
      end
    end
    class 
      expression "Kelurahan cipanjalu"
      style
        color 204 255 229
      end
      label
        color  0 0 0
        outlinecolor 255 255 255
        font "sans"
        type truetype
        size 6
        position lc
        partials true
        mindistance 200
      end
    end
    class 
      expression "Kelurahan Cilengkrang"
      style
        color 153 255 204
      end
      label
        color  0 0 0
        outlinecolor 255 255 255
        font "sans"
        type truetype
        size 6
        position lc
        partials true
        mindistance 200
      end
    end
    class 
      expression "Kelurahan girimekar"
      style
        color 153 255 153
      end
      label
        color  0 0 0
        outlinecolor 255 255 255
        font "sans"
        type truetype
        size 6
        position lc
        partials true
        mindistance 200
      end
    end
  end #layer kelurahan

  layer #kantor layer
    name cilengkrang
    group roads
    type POINT
    dump true 
    projection
      "init=epsg:4326"
    end
    #transparency alpha
    status on
    data "kantor_kelurahan_cilengkrang"
    labelitem "kantor_kelu"
    classitem "Kantor_kelu"
    class 
      expression "Kantor Kelurahan Melatiwangi"
      style
        color 255 255 255
        size 10
        symbol "circle"
      end
      label
        color 255 0 0
        #outlinecolor 255 255 255
        font "sans"
        type truetype
        size 6
        position lc
        partials true
        mindistance 200
      end
    end
    class 
      expression "Kantor Kelurahan Ciporeat"
      style
        color 255 255 255
        size 10
        symbol "circle"
      end
      label
        color 255 0 0
        #outlinecolor 255 255 255
        font "sans"
        type truetype
        size 6
        position lc
        partials true
        mindistance 200
      end
    end
    class 
      expression "Kantor Kelurahan Jatiendah"
      style
        color 255 255 255
        size 10
        symbol "circle"
      end
      label
        color 255 0 0
        #outlinecolor 255 255 255
        font "sans"
        type truetype
        size 6
        position lc
        partials true
        mindistance 200
      end
    end
    class 
      expression "Kantor Kelurahan Cipanjalu"
      style
        color 255 255 255
        size 10
        symbol "circle"
      end
      label
        color 255 0 0
        #outlinecolor 255 255 255
        font "sans"
        type truetype
        size 6
        position lc
        partials true
        mindistance 200
      end
    end
    class 
      expression "Kantor Kelurahan Cilengkrang"
      style
        color 255 255 255
        size 10
        symbol "circle"
      end
      label
        color 255 0 0
        #outlinecolor 255 255 255
        font "sans"
        type truetype
        size 6
        position lc
        partials true
        mindistance 200
      end
    end
    class 
      expression "Kantor Kelurahan Girimekar"
      style
        color 255 255 255
        size 10
        symbol "circle"
      end
      label
        color 255 0 0
        #outlinecolor 255 255 255
        font "sans"
        type truetype
        size 6
        position lc
        partials true
        mindistance 200
      end
    end
  end #layer kantor

  layer #jalan layer
    name cilengkrang
    group roads
    type LINE
    dump true 
    projection
      "init=epsg:4326"
    end
    #transparency alpha
    status on
    data "jalan_cilengkrang"
    labelitem "jalan_di_ci"
    classitem "jalan_di_ci"
    class 
      expression "Jalan Kelurahan Melatiwangi"
      style
        color 255 255 255
        size 1
      end
    end
    class 
      expression "Jalan Kelurahan Ciporeat"
      style
        color 255 255 255
        size 1
      end
    end
    class 
      expression "Jalan Kelurahan Jatiendah"
      style
        color 255 255 255
        size 1
      end
    end
    class 
      expression "Jalan Kelurahan Cipanjalu"
      style
        color 255 255 255
        size 1
      end
    end
    class 
      expression "Jalan Kelurahan Cilengkrang"
      style
        color 255 255 255
        size 1
      end
    end
    class 
      expression "Jalan Kelurahan Girimekar"
      style
        color 255 255 255
        size 1
      end
    end
  end #layer jalan

  symbol
    name "circle"
    type ellipse
    filled true
    points
      1 1
    end # POINTS
  end # SYMBOL

end #map